building catalog for 1 district(s) with 1 tab(s)…
  Lucknow (लखनऊ): 5 tehsils, 958 villages
catalog: 7069 villages total
scanning 958 village(s), prefixes ['स', 'वि'], max tabs 8
HIT T3 Lucknow (लखनऊ) › Bakshi Ka Talab (बख्शी का तालाब) › Umariya (उमरिया) - 143215 :
68 | विजय कुमार शर्मा | राम स्‍वरूप | 0.809 हे०
HIT T3 Lucknow (लखनऊ) › Bakshi Ka Talab (बख्शी का तालाब) › Indara (इन्दारा) - 143230 :
245 | विजय कुमार शर्मा | रमाश्‍ांकर शर्मा | 0.664 हे०
HIT T3 Lucknow (लखनऊ) › Bakshi Ka Talab (बख्शी का तालाब) › Mohmmadpur Saraia (मोहम्मदपुर
सरैया) - 143283 : 343 | विजय शुक्‍ला | रमेश शुक्‍ला | 0.205 हे०
HIT T3 Lucknow (लखनऊ) › Bakshi Ka Talab (बख्शी का तालाब) › Bhesi (भेंसी) - 143289 : 283
| संजय कुमार शुक्‍ल | श्री रामचन्‍द्र शुक्‍ल | 0.897 हे०
Lucknow (लखनऊ) › Shahpur Raja (शाह पुर राजा) - 143259: PortalError: timeout waiting
for api/fasli after selecting Shahpur Raja (शाह पुर राजा) - 143259
HIT T2 Lucknow (लखनऊ) › Bakshi Ka Talab (बख्शी का तालाब) › Dinkarpur Jhalava (दिनकरपुर
झलौवा) - 143309 : 97 | सादिक अली | साबिर अली | 0.177 हे०
HIT T2 Lucknow (लखनऊ) › Bakshi Ka Talab (बख्शी का तालाब) › Dinkarpur Jhalava (दिनकरपुर
झलौवा) - 143309 : 98 | सादिक अली | साबिर अली | 0.024 हे०
HIT T2 Lucknow (लखनऊ) › Bakshi Ka Talab (बख्शी का तालाब) › Dinkarpur Jhalava (दिनकरपुर
झलौवा) - 143309 : 284 | सादिक अली | साबिर अली | 0.059 हे०
HIT T3 Lucknow (लखनऊ) › Bakshi Ka Talab (बख्शी का तालाब) › Ajnahar kala (अजनहर कलां) -
143312 : 112 | विनय कुमार शुक्ला | राजकुमार शुक्ला | 0.24 हे०
HIT T3 Lucknow (लखनऊ) › Bakshi Ka Talab (बख्शी का तालाब) › Gohanakalan (गोहना कला) -
143310 : 781स | विनय कुमार शुक्‍ला | राजकुमार शुक्‍ला | 0.506 हे०
HIT T3 Lucknow (लखनऊ) › Bakshi Ka Talab (बख्शी का तालाब) › Gohanakalan (गोहना कला) -
143310 : 781स | विनय कुमार शुक्ला | श्री  राजकुमार शुक्ला | 0.277 हे०
HIT T3 Lucknow (लखनऊ) › Bakshi Ka Talab (बख्शी का तालाब) › Gohanakalan (गोहना कला) -
143310 : 765 | विनय शुक्ला | श्री राजकुमार शुक्ला | 0.053 हे०
HIT T3 Lucknow (लखनऊ) › Bakshi Ka Talab (बख्शी का तालाब) › Gohanakalan (गोहना कला) -
143310 : 766 | विनय शुक्ला | श्री राजकुमार शुक्ला | 0.272 हे०
HIT T3 Lucknow (लखनऊ) › Bakshi Ka Talab (बख्शी का तालाब) › Gohanakalan (गोहना कला) -
143310 : 767 | विनय शुक्ला | श्री राजकुमार शुक्ला | 0.01 हे०
HIT T3 Lucknow (लखनऊ) › Bakshi Ka Talab (बख्शी का तालाब) › Mohmmadpur Majara (मोहम्मदपुर
मजरा) - 143325 : 132मि | संजय शुक्ला | राम कृपाल शुक्ला | 0.29 हे०
HIT T3 Lucknow (लखनऊ) › Bakshi Ka Talab (बख्शी का तालाब) › Saidpur Jagir (सैदपुर जागीर) -
143348 : 168 | संदीप कुमार शुक्ला | राम देव शुक्ला | 0.332 हे०
HIT T3 Lucknow (लखनऊ) › Bakshi Ka Talab (बख्शी का तालाब) › Saraura (सरौरा) - 143343 :
367 | संजय शुक्ला | राजेन्द्र प्रसाद शुक्ला | 0.453 हे०
HIT T3 Lucknow (लखनऊ) › Bakshi Ka Talab (बख्शी का तालाब) › Narharpur (नरहर पुर) -
143345 : 26 | विजय कुमार शर्मा | राम स्‍वरूप | 0.778 हे०
HIT T3 Lucknow (लखनऊ) › Bakshi Ka Talab (बख्शी का तालाब) › Narharpur (नरहर पुर) -
143345 : 311 | विजय कुमार शर्मा | राम स्‍वरूप | 0.126 हे०
HIT T3 Lucknow (लखनऊ) › Bakshi Ka Talab (बख्शी का तालाब) › Narharpur (नरहर पुर) -
143345 : 307 | विजय कुमार शर्मा | राम स्‍वरूप | 0.455 हे०
HIT T3 Lucknow (लखनऊ) › Bakshi Ka Talab (बख्शी का तालाब) › Narharpur (नरहर पुर) -
143345 : 310 | विजय कुमार शर्मा | राम स्‍वरूप | 0.235 हे०
HIT T3 Lucknow (लखनऊ) › Bakshi Ka Talab (बख्शी का तालाब) › Mirzapur (मिर्जापुर) - 143347
: 138 | विनय शुक्ला | राज कुमार शुक्ला | 0.532 हे०
HIT T3 Lucknow (लखनऊ) › Bakshi Ka Talab (बख्शी का तालाब) › Saraura (सरौरा) - 143343 :
275 | विजय शुक्ला | रामेश्वर शुक्ला | 0.539 हे०
Lucknow (लखनऊ) › Shahpur Raja (शाह पुर राजा) - 143259: PortalError: timeout waiting
for api/fasli after selecting Shahpur Raja (शाह पुर राजा) - 143259
HIT T3 Lucknow (लखनऊ) › Bakshi Ka Talab (बख्शी का तालाब) › Nabikot Nandana (नवीकोट
नन्दना) - 219091 : 192 | संजय कुमार शुक्ल | श्री राजेन्द्र प्रकाश शुक्ला | 0.518 हे०
HIT T2 Lucknow (लखनऊ) › Bakshi Ka Talab (बख्शी का तालाब) › Nabikot Nandana (नवीकोट
नन्दना) - 219091 : 567 | सादिक अली | साविर अली | 1.433 हे०
HIT T2 Lucknow (लखनऊ) › Bakshi Ka Talab (बख्शी का तालाब) › Nabikot Nandana (नवीकोट
नन्दना) - 219091 : 568 | सादिक अली | साबिर अली | 0.211 हे०
HIT T2 Lucknow (लखनऊ) › Bakshi Ka Talab (बख्शी का तालाब) › Nabikot Nandana (नवीकोट
नन्दना) - 219091 : 761 | सादिक अली | साबिर अली | 0.126 हे०
HIT T3 Lucknow (लखनऊ) › Bakshi Ka Talab (बख्शी का तालाब) › Bhaisamau (भैसामऊ) - 219097
: 407मि | विजय प्रकाश शुक्ला | राधेश्याम शुक्ला | 0.133 हे०
HIT T3 Lucknow (लखनऊ) › Bakshi Ka Talab (बख्शी का तालाब) › Rajapur Indaura (राजापुर
इन्दौरा) - 219104 : 103 | संजय कुमार शुक्ल | श्री राजेन्द्र प्रसाद शुक्ल | 0.878 हे०
HIT T3 Lucknow (लखनऊ) › Bakshi Ka Talab (बख्शी का तालाब) › Madiyaon (मडि़याँव) - 219099 :
562 | संदीप कुमार शुक्ला | श्री रामदेव शुक्ला | 0.902 हे०
HIT T3 Lucknow (लखनऊ) › Bakshi Ka Talab (बख्शी का तालाब) › Madiyaon (मडि़याँव) - 219099 :
1329/562 | संदीप कुमार शुक्ला | श्री रामदेव शुक्ला | 0.038 हे०
HIT T3 Lucknow (लखनऊ) › Bakshi Ka Talab (बख्शी का तालाब) › Madiyaon (मडि़याँव) - 219099 :
528 | विनय कुमार शुक्ला | श्री राजकुमार शुक्ला | 1.101 हे०
HIT T3 Lucknow (लखनऊ) › Bakshi Ka Talab (बख्शी का तालाब) › Madiyaon (मडि़याँव) - 219099 :
538 | विनय कुमार शुक्ला | राजकुमार शुक्ला | 0.172 हे०
HIT T3 Lucknow (लखनऊ) › Bakshi Ka Talab (बख्शी का तालाब) › Madiyaon (मडि़याँव) - 219099 :
442/2 | विनय शुक्ला | राजकुमार शुक्ला | 0.132 हे०
HIT T3 Lucknow (लखनऊ) › Bakshi Ka Talab (बख्शी का तालाब) › Madiyaon (मडि़याँव) - 219099 :
445 | विनय शुक्ला | राज कुमार शुक्ला | 0.819 हे०
HIT T3 Lucknow (लखनऊ) › Bakshi Ka Talab (बख्शी का तालाब) › Madiyaon (मडि़याँव) - 219099 :
501 | विनय शुक्ला | राज कुमार शुक्ला | 0.139 हे०
HIT T3 Lucknow (लखनऊ) › Bakshi Ka Talab (बख्शी का तालाब) › Madiyaon (मडि़याँव) - 219099 :
528 | विनीत कुमार शुक्ला | राधेश्याम शुक्ला | 1.101 हे०
HIT T3 Lucknow (लखनऊ) › Bakshi Ka Talab (बख्शी का तालाब) › Rudahi (रूदही) - 219107 :
120 | सुनील कुमार शुक्ला | राम प्रकाश शुक्ला | 0.253 हे०
HIT T2 Lucknow (लखनऊ) › Bakshi Ka Talab (बख्शी का तालाब) › Bargadi Magad (वरगदी मगठ) -
219109 : 524 | सादिक अली | साबिर अली | 0.874 हे०
HIT T3 Lucknow (लखनऊ) › Bakshi Ka Talab (बख्शी का तालाब) › Rudahi (रूदही) - 219107 :
130 | विजय कुमार शर्मा | रामशकल शर्मा | 0.126 हे०
HIT T3 Lucknow (लखनऊ) › Bakshi Ka Talab (बख्शी का तालाब) › Sarakpur (सरकपुर) - 219111
: 312 | विष्णु कुमार शुक्ला | राम आसरे शुक्ला | 1.404 हे०
HIT T3 Lucknow (लखनऊ) › Bakshi Ka Talab (बख्शी का तालाब) › Mampur bana (मामपुर बाना) -
219102 : 521 | विनोद कुमार शुक्ला | राम प्रताप शुक्ला | 0.392 हे०
HIT T3 Lucknow (लखनऊ) › Bakshi Ka Talab (बख्शी का तालाब) › Mampur bana (मामपुर बाना) -
219102 : 522 | विनोद कुमार शुक्ला | राम प्रताप शुक्ला | 0.8 हे०
Lucknow (लखनऊ) › Shahpur Raja (शाह पुर राजा) - 143259: PortalError: timeout waiting
for api/fasli after selecting Shahpur Raja (शाह पुर राजा) - 143259
HIT T3 Lucknow (लखनऊ) › Lucknow (लखनऊ) › Jehta (जेहटा) - 143367 : 1896 | विवेक कुमार
शुक्ला | पुत्र श्री राम कुमार शुक्ला | 0.797 हे०
HIT T3 Lucknow (लखनऊ) › Lucknow (लखनऊ) › Maura (मौरा) - 143369 : 711 | विनय कुमार शुक्ला
| श्री राम सागर | 0.531 हे०
HIT T2 Lucknow (लखनऊ) › Lucknow (लखनऊ) › Baragoan (बड़ा गांव) - 143395 : 854 | सादिक
अली | साबिर अली | 0.043 हे०
HIT T3 Lucknow (लखनऊ) › Lucknow (लखनऊ) › Narona (नरौना) - 143434 : 752 | सुनील कुमार
शुक्ला | रामेश्वर प्रसाद शुक्ला | 2.264 हे०
HIT T3 Lucknow (लखनऊ) › Lucknow (लखनऊ) › Allu Nagar Diguria (अल्लूनगर डिगुरिया) -
143438 : 532मि. | सुशील कुमार शुक्ला | श्री राम शुक्ला | 0.443 हे०
HIT T2 Lucknow (लखनऊ) › Lucknow (लखनऊ) › Uttardhauna (उत्तर धौना) - 143446 : 190 |
सादिक अली | पुत्र श्री साबिर अली | 0.903 हे०
HIT T2 Lucknow (लखनऊ) › Lucknow (लखनऊ) › Uttardhauna (उत्तर धौना) - 143446 : 190 |
सादिक अली | साबिर अली | 0.903 हे०
HIT T2 Lucknow (लखनऊ) › Lucknow (लखनऊ) › Uttardhauna (उत्तर धौना) - 143446 : 191मि |
सादिक अली | साबिर अली | 0.071 हे०
HIT T2 Lucknow (लखनऊ) › Lucknow (लखनऊ) › Uttardhauna (उत्तर धौना) - 143446 : 192मि |
सादिक अली | साबिर अली | 0.066 हे०
HIT T3 Lucknow (लखनऊ) › Lucknow (लखनऊ) › Bharwara (भरवारा) - 143455 : 944स.ं | संदीप
कुमार शुक्ला | रंगम शुक्ला | 0.7817 हे०
HIT T3 Lucknow (लखनऊ) › Lucknow (लखनऊ) › Sikanderpur Khurd (सिकन्दर पुर खुर्द) -
143458 : 452 | सुधीर कुमार शुक्ला | रामदुलारे शुक्ला | 0.822 हे०
HIT T3 Lucknow (लखनऊ) › Lucknow (लखनऊ) › Sikanderpur Khurd (सिकन्दर पुर खुर्द) -
143458 : 453 | सुधीर कुमार शुक्ला | रामदुलारे शुक्ला | 1.303 हे०
HIT T3 Lucknow (लखनऊ) › Lucknow (लखनऊ) › Sikanderpur Khurd (सिकन्दर पुर खुर्द) -
143458 : 460 | सुधीर कुमार शुक्ला | रामदुलारे शुक्ला | 0.607 हे०
HIT T3 Lucknow (लखनऊ) › Lucknow (लखनऊ) › Nijampur Malhour (निजामपुर मल्हौर) - 143456
: 162 | विवेक कुमार शुक्ल | रामकुमार शुक्ल | 1.121 हे०
HIT T3 Lucknow (लखनऊ) › Lucknow (लखनऊ) › Lolai (लौलाई) - 143457 : 115/2स. | संजय
शुक्ला | रघुराज प्रसाद शुक्ला | 1.265 हे०
HIT T1 Lucknow (लखनऊ) › Lucknow (लखनऊ) › Lolai (लौलाई) - 143457 : 359 | साबिर अली |
कल्लू | 0.597 हे०
HIT T3 Lucknow (लखनऊ) › Lucknow (लखनऊ) › Jugor (जुग्गौर) - 143453 : 907 | संजय शुक्ल |
श्री राम अंजोर शुक्ल | 0.232 हे०
HIT T3 Lucknow (लखनऊ) › Lucknow (लखनऊ) › Jugor (जुग्गौर) - 143453 : 375 | विनय कुमार
शुक्ला | राजेंद्र प्रसाद शुक्ला | 0.147 हे०
HIT T3 Lucknow (लखनऊ) › Lucknow (लखनऊ) › Kanousi (कनौसी) - 218901 : 1489 | संजय शुक्ला
| रामचन्द्र शुक्ला | 0.199 हे०
HIT T2 Lucknow (लखनऊ) › Lucknow (लखनऊ) › Kanousi (कनौसी) - 218901 : 1218/2 | सादिक
अली | साबिर अली | 0.253 हे०
HIT T2 Lucknow (लखनऊ) › Lucknow (लखनऊ) › Kanousi (कनौसी) - 218901 : 1978 | सादिक अली
| साबिर अली | 0.31 हे०
HIT T1 Lucknow (लखनऊ) › Lucknow (लखनऊ) › Kanousi (कनौसी) - 218901 : 1943 | साबिर |
भल्लू | 0.082 हे०
HIT T1 Lucknow (लखनऊ) › Lucknow (लखनऊ) › Kanousi (कनौसी) - 218901 : 1962 | साबिर |
भल्लू | 0.054 हे०
HIT T1 Lucknow (लखनऊ) › Lucknow (लखनऊ) › Kanousi (कनौसी) - 218901 : 1973/1 | साबिर |
भल्लू | 0.114 हे०
HIT T1 Lucknow (लखनऊ) › Lucknow (लखनऊ) › Kanousi (कनौसी) - 218901 : 1990/4,5 | साबिर
| भल्लू | 4.797 हे०
HIT T1 Lucknow (लखनऊ) › Lucknow (लखनऊ) › Kanousi (कनौसी) - 218901 : 1992/1 | साबिर |
भल्लू | 0.468 हे०
HIT T1 Lucknow (लखनऊ) › Lucknow (लखनऊ) › Kanousi (कनौसी) - 218901 : 1992/2 | साबिर |
भल्लू | 0.202 हे०
HIT T1 Lucknow (लखनऊ) › Lucknow (लखनऊ) › Kanousi (कनौसी) - 218901 : 2005/1 | साबिर |
भल्लू | 1.258 हे०
HIT T1 Lucknow (लखनऊ) › Lucknow (लखनऊ) › Kanousi (कनौसी) - 218901 : 2035 | साबिर |
भल्लू | 0.31 हे०
HIT T1 Lucknow (लखनऊ) › Lucknow (लखनऊ) › Kanousi (कनौसी) - 218901 : 2038/1 | साबिर |
भल्लू | 1.325 हे०
HIT T1 Lucknow (लखनऊ) › Lucknow (लखनऊ) › Kanousi (कनौसी) - 218901 : 2241/4 | साबिर |
भल्लू | 0.137 हे०
HIT T1 Lucknow (लखनऊ) › Lucknow (लखनऊ) › Kanousi (कनौसी) - 218901 : 2241/20 | साबिर
| भल्लू | 0.916 हे०
HIT T1 Lucknow (लखनऊ) › Lucknow (लखनऊ) › Kanousi (कनौसी) - 218901 : 2241/21 | साबिर
| भल्लू | 0.582 हे०
HIT T1 Lucknow (लखनऊ) › Lucknow (लखनऊ) › Kanousi (कनौसी) - 218901 : 2321 | साबिर |
भल्लू | 0.231 हे०
HIT T1 Lucknow (लखनऊ) › Lucknow (लखनऊ) › Kanousi (कनौसी) - 218901 : 2540 | साबिर |
भल्लू | 0.107 हे०
HIT T1 Lucknow (लखनऊ) › Lucknow (लखनऊ) › Kanousi (कनौसी) - 218901 : 1938 | साबिर अली
| भल्लू | 0.376 हे०
HIT T1 Lucknow (लखनऊ) › Lucknow (लखनऊ) › Kanousi (कनौसी) - 218901 : 1973/2 | साबिर
अली | पुत्र भल्लू | 1.514 हे०
HIT T1 Lucknow (लखनऊ) › Lucknow (लखनऊ) › Kanousi (कनौसी) - 218901 : 1978 | साबिर अली
| भल्लू | 0.31 हे०
HIT T1 Lucknow (लखनऊ) › Lucknow (लखनऊ) › Kanousi (कनौसी) - 218901 : 1979/1 | साबिर
अली | भल्लू | 0.272 हे०
HIT T1 Lucknow (लखनऊ) › Lucknow (लखनऊ) › Kanousi (कनौसी) - 218901 : 1979/4 | साबिर
अली | पुत्र भल्लू | 5.58 हे०
HIT T1 Lucknow (लखनऊ) › Lucknow (लखनऊ) › Kanousi (कनौसी) - 218901 : 1990/6 | साबिर
अली | पुत्र भल्लू | 4.69 हे०
HIT T1 Lucknow (लखनऊ) › Lucknow (लखनऊ) › Kanousi (कनौसी) - 218901 : 1917/10/1 | 
साबिर अली | पुत्र भल्लू | 4.085 हे०
HIT T3 Lucknow (लखनऊ) › Lucknow (लखनऊ) › Kanousi (कनौसी) - 218901 : 1208 | सुनील कुमार
शुक्ला | रामसुमेर शुक्ला | 0.054 हे०
HIT T3 Lucknow (लखनऊ) › Lucknow (लखनऊ) › Chinhat (चिनहट) - 218918 : 544मि. | संदीप
कुमार शुक्ला | राजेन्द्र कुमार शुक्ला | 0.567 हे०
HIT T3 Lucknow (लखनऊ) › Lucknow (लखनऊ) › Daud Nagar (दाऊद नगर) - 218936 : 514 | 
सुनील कुमार शुक्ला | रामेश्वर प्रसाद शुक्ला | 1.994 हे०
HIT T3 Lucknow (लखनऊ) › Lucknow (लखनऊ) › Devpur (देवपुर) - 218938 : 816स. | विजय
कुमार शर्मा | रामप्रसाद शर्मा | 0.253 हे०
HIT T3 Lucknow (लखनऊ) › Lucknow (लखनऊ) › Faridipur (फरीदीपुर) - 218947 : 104 | विजय
शुक्ला | रामखेलावन शुक्ला | 0.6 हे०
HIT T3 Lucknow (लखनऊ) › Lucknow (लखनऊ) › Bhamrouli Shahpur (भमरौली शाह पुर) - 218965
: 197 | संजय  शुक्ला | राम विलास शुक्ला | 0.812 हे०
HIT T3 Lucknow (लखनऊ) › Lucknow (लखनऊ) › Bhuhar (भूहर) - 218968 : 281 | संदीप कुमार
शुक्ला | रविकान्त शुक्ला | 0.597 हे०
HIT T3 Lucknow (लखनऊ) › Lucknow (लखनऊ) › Bhuhar (भूहर) - 218968 : 590 | विजय कुमार
गुप्ता | राम सेवक | 1.199 हे०
HIT T3 Lucknow (लखनऊ) › Lucknow (लखनऊ) › Bhuhar (भूहर) - 218968 : 281 | विजय कुमार
शुक्ला | रामकुमार शुक्ला | 0.597 हे०
HIT T3 Lucknow (लखनऊ) › Lucknow (लखनऊ) › Bhuhar (भूहर) - 218968 : 524 | विनोद कुमार
शुक्ला | पुत्र श्री राम सुन्दर शुक्ला | 0.372 हे०
HIT T3 Lucknow (लखनऊ) › Lucknow (लखनऊ) › Mahibullapur (महिबुल्लापुर) - 218972 : 64 |
सुजीत कुमार शुक्ला | रामचन्द्र शुक्ला | 0.311 हे०
HIT T3 Lucknow (लखनऊ) › Lucknow (लखनऊ) › Lohramau (लोहरा मऊ) - 218981 : 72 | सुनील
कुमार शुक्ला | रामेश्वर प्रसाद शुक्ला | 3.947 हे०
HIT T3 Lucknow (लखनऊ) › Lucknow (लखनऊ) › Shahpur (शाहपुर) - 218986 : 201 | सचिन कुमार
शुक्ल | रामप्रकाश शुक्ल | 0.211 हे०
HIT T2 Lucknow (लखनऊ) › Malihabad (मलिहाबाद) › Ahindar (अहिडर) - 142981 : 427ङ | सदर
अली | बसीर अली | 0.743 हे०
HIT T3 Lucknow (लखनऊ) › Lucknow (लखनऊ) › Brawankala (बरावन कलां) - 218952 : 913स. |
सुनील कुमार शुक्ला | राम कुमार शुक्ला | 0.0167 हे०
HIT T3 Lucknow (लखनऊ) › Lucknow (लखनऊ) › Para (पारा) - 218943 : 2871 | विनय शुक्ला |
रामानन्द शुक्ला | 0.167 हे०
HIT T3 Lucknow (लखनऊ) › Lucknow (लखनऊ) › Para (पारा) - 218943 : 1434 | विनीत कुमार शुक्ल
| रमेश चन्द्र शुक्ला | 0.737 हे०
HIT T3 Lucknow (लखनऊ) › Malihabad (मलिहाबाद) › Chandwara (चन्द वारा) - 143050 : 166 |
सुनील कुमार शुक्ला | रामऔतार शुक्ला | 0.472 हे०
HIT T1 Lucknow (लखनऊ) › Malihabad (मलिहाबाद) › Dilavar Nagar (दिलावर नगर) - 143084 :
465 | साबित अली | कल्लू | 0.721 हे०
HIT T2 Lucknow (लखनऊ) › Malihabad (मलिहाबाद) › Jindaur (जिन्दौर) - 143074 : 1280 | सईद
अली | नासिर अली | 0.392 हे०
HIT T2 Lucknow (लखनऊ) › Malihabad (मलिहाबाद) › Dheremau (ढेढ़ेमऊ) - 143133 : 53सं | सदर
अली | बशीर अली | 0.252 हे०
HIT T3 Lucknow (लखनऊ) › Malihabad (मलिहाबाद) › Bari Jalalpur (बरीजलालपुर) - 143140 :
173 | संजय शुक्ला | राम विलास शुक्ला | 0.125 हे०
HIT T3 Lucknow (लखनऊ) › Malihabad (मलिहाबाद) › Bari Jalalpur (बरीजलालपुर) - 143140 :
177/12 | संजय शुक्ला | राम विलास शुक्ला | 0.03 हे०
HIT T3 Lucknow (लखनऊ) › Malihabad (मलिहाबाद) › Bari Jalalpur (बरीजलालपुर) - 143140 :
177/17 | संजय शुक्ला | राम विलास शुक्ला | 0.031 हे०
HIT T3 Lucknow (लखनऊ) › Malihabad (मलिहाबाद) › Kasmandikala (कसमण्डी कलां) - 143157 :
1649/2 | विनय शुक्ला | रामसागर शुक्ला | 0.253 हे०
HIT T1 Lucknow (लखनऊ) › Mohanlalganj (मोहनलालगंज) › Malauli (मलौली) - 143591 : 826 |
साबिर अली | कल्लू | 0.025 हे०
HIT T3 Lucknow (लखनऊ) › Mohanlalganj (मोहनलालगंज) › Dalauna (डलौना) - 143685 : 336 |
विजय प्रकाश शुक्ला | पुत्र श्री राजेन्द्र प्रसाद शुक्ला | 0.904 हे०
HIT T3 Lucknow (लखनऊ) › Mohanlalganj (मोहनलालगंज) › Dahiyar (दहियर) - 143682 : 286 |
विकास कुमार शुक्ल | रामअशोक शुक्ल | 0.873 हे०
HIT T3 Lucknow (लखनऊ) › Mohanlalganj (मोहनलालगंज) › Dahiyar (दहियर) - 143682 : 282 |
विकास कुमार शुक्ला | रामअशोक शुक्ला | 1.14 हे०
HIT T3 Lucknow (लखनऊ) › Mohanlalganj (मोहनलालगंज) › Bhaundri (भौंदरी) - 143696 : 1659
| विनोद कुमार शुक्ला | राजमन शुक्ला | 3.76 हे०
HIT T3 Lucknow (लखनऊ) › Mohanlalganj (मोहनलालगंज) › Meenapur (मीनापुर) - 143702 : 319ख
| विजय कुमार शुक्ला | रामशंकर शुक्ला | 0.43 हे०
HIT T3 Lucknow (लखनऊ) › Mohanlalganj (मोहनलालगंज) › Meenapur (मीनापुर) - 143702 : 330
| विजय कुमार शुक्ला | रामशंकर शुक्ला | 0.126 हे०
HIT T3 Lucknow (लखनऊ) › Mohanlalganj (मोहनलालगंज) › Hullas Khera (हुलास खेड़ा) - 143714
: 1273 | सुनील कुमार शुक्ला | राम पदारथ शुक्ला | 1.303 हे०
HIT T3 Lucknow (लखनऊ) › Mohanlalganj (मोहनलालगंज) › Mau (मऊ) - 143690 : 906 | विनय
कुमार शुक्ला | रामकुमार शुक्ला | 0.145 हे०
HIT T3 Lucknow (लखनऊ) › Mohanlalganj (मोहनलालगंज) › Kankaha (कनकहा) - 143731 : 132मि.
| संजय शुक्ला | रिद्धीनाथ शुक्ला | 0.25 हे०
HIT T3 Lucknow (लखनऊ) › Mohanlalganj (मोहनलालगंज) › Chhatauni (छतौनी) - 143763 : 18 |
विजय कुमार शुक्ला | राम चन्द्र शुक्ला | 0.229 हे०
HIT T3 Lucknow (लखनऊ) › Mohanlalganj (मोहनलालगंज) › Chhatauni (छतौनी) - 143763 : 174
| विजय कुमार शुक्ला | राम चन्द्र शुक्ला | 0.316 हे०
HIT T3 Lucknow (लखनऊ) › Mohanlalganj (मोहनलालगंज) › Chhatauni (छतौनी) - 143763 : 300
| विजय कुमार शुक्ला | पुत्र राम चन्द्र शुक्ला | 0.282 हे०
HIT T3 Lucknow (लखनऊ) › Mohanlalganj (मोहनलालगंज) › Chhatauni (छतौनी) - 143763 : 556
| विजय कुमार शुक्ला | राम चन्द्र शुक्ला | 0.294 हे०
HIT T3 Lucknow (लखनऊ) › Mohanlalganj (मोहनलालगंज) › Uday Pur (उदय पुर) - 143767 :
917 | विनोद कुमार शुक्ल | रामअधार शुक्ल | 0.291 हे०
HIT T3 Lucknow (लखनऊ) › Mohanlalganj (मोहनलालगंज) › Uday Pur (उदय पुर) - 143767 :
918 | विनोद कुमार शुक्ल | रामअधार शुक्ल | 0.013 हे०
HIT T3 Lucknow (लखनऊ) › Mohanlalganj (मोहनलालगंज) › Lalpur (लालपुर) - 143778 : 385अ |
विजय शुक्ला | रमेश कुमार शुक्ला | 0.384 हे०
HIT T3 Lucknow (लखनऊ) › Mohanlalganj (मोहनलालगंज) › Lalpur (लालपुर) - 143778 : 395क |
विजय शुक्ला | रमेश कुमार शुक्ला | 0.202 हे०
HIT T3 Lucknow (लखनऊ) › Mohanlalganj (मोहनलालगंज) › Lalpur (लालपुर) - 143778 : 398 |
विजय शुक्ला | रमेश कुमार शुक्ला | 0.089 हे०
HIT T3 Lucknow (लखनऊ) › Mohanlalganj (मोहनलालगंज) › Lalpur (लालपुर) - 143778 : 401मि |
विजय शुक्ला | रमेश कुमार शुक्ला | 0.041 हे०
HIT T1 Lucknow (लखनऊ) › Sarojini Nagar (सरोजनी नगर) › Gahalwara (गहलवारा) - 143403 :
43 | साकिर | कल्लू | 0.089 हे०
HIT T1 Lucknow (लखनऊ) › Sarojini Nagar (सरोजनी नगर) › Gahalwara (गहलवारा) - 143403 :
78सं. | साकिर | कल्लू | 0.519 हे०
HIT T1 Lucknow (लखनऊ) › Sarojini Nagar (सरोजनी नगर) › Gahalwara (गहलवारा) - 143403 :
176 | साकिर | कल्लू | 0.228 हे०
HIT T1 Lucknow (लखनऊ) › Sarojini Nagar (सरोजनी नगर) › Gahalwara (गहलवारा) - 143403 :
232 | साकिर | कल्लू | 0.202 हे०
HIT T1 Lucknow (लखनऊ) › Sarojini Nagar (सरोजनी नगर) › Gahalwara (गहलवारा) - 143403 :
233 | साकिर | कल्लू | 0.025 हे०
HIT T1 Lucknow (लखनऊ) › Sarojini Nagar (सरोजनी नगर) › Gahalwara (गहलवारा) - 143403 :
234 | साकिर | कल्लू | 0.025 हे०
HIT T1 Lucknow (लखनऊ) › Sarojini Nagar (सरोजनी नगर) › Gahalwara (गहलवारा) - 143403 :
235 | साकिर | कल्लू | 0.025 हे०
HIT T1 Lucknow (लखनऊ) › Sarojini Nagar (सरोजनी नगर) › Gahalwara (गहलवारा) - 143403 :
293 | साकिर | कल्लू | 0.268 हे०
HIT T1 Lucknow (लखनऊ) › Sarojini Nagar (सरोजनी नगर) › Gahalwara (गहलवारा) - 143403 :
374 | साकिर | कल्लू | 0.498 हे०
HIT T1 Lucknow (लखनऊ) › Sarojini Nagar (सरोजनी नगर) › Gahalwara (गहलवारा) - 143403 :
385 | साकिर | कल्लू | 0.066 हे०
HIT T1 Lucknow (लखनऊ) › Sarojini Nagar (सरोजनी नगर) › Gahalwara (गहलवारा) - 143403 :
560 | साकिर | कल्लू | 0.076 हे०
HIT T1 Lucknow (लखनऊ) › Sarojini Nagar (सरोजनी नगर) › Gahalwara (गहलवारा) - 143403 :
582 | साकिर | कल्लू | 0.051 हे०
HIT T1 Lucknow (लखनऊ) › Sarojini Nagar (सरोजनी नगर) › Gahalwara (गहलवारा) - 143403 :
583 | साकिर | कल्लू | 0.063 हे०
HIT T1 Lucknow (लखनऊ) › Sarojini Nagar (सरोजनी नगर) › Gahalwara (गहलवारा) - 143403 :
584 | साकिर | कल्लू | 0.076 हे०
HIT T3 Lucknow (लखनऊ) › Sarojini Nagar (सरोजनी नगर) › Naktora (नकटौरा) - 143405 :
174 | विनायक शुक्ला | राम किशोर शुक्ला | 0.615 हे०
HIT T3 Lucknow (लखनऊ) › Sarojini Nagar (सरोजनी नगर) › Khushal Ganj (खुशहाल गंज) -
143432 : 241ब | विनोद कुमार शुक्ल | पुत्र श्री रामचन्द्र शुक्ल | 2.038 हे०
HIT T3 Lucknow (लखनऊ) › Sarojini Nagar (सरोजनी नगर) › Anaura (अनौरा) - 143445 : 238
| सुधीर कुमार शुक्ला | पुत्र श्री राम शुक्ला | 0.548 हे०
Lucknow (लखनऊ) › Purahiya (पुरहिया) - 143783: PortalError: timeout waiting for 
api/fasli after selecting Purahiya (पुरहिया) - 143783
HIT T3 Lucknow (लखनऊ) › Sarojini Nagar (सरोजनी नगर) › Mavaipadhiyana (मवई पडि़याना) -
143484 : 709 | विवेक कुमार शुक्ला | रामचन्द्र शुक्ला | 0.729 हे०
HIT T3 Lucknow (लखनऊ) › Sarojini Nagar (सरोजनी नगर) › Pahar Pur (पहाड़पुर) - 143514 :
133 | विनय कुमार शुक्ला | पुत्र रामबाबू शुक्ला | 2.163 हे०
Lucknow (लखनऊ) › Purahiya (पुरहिया) - 143783: PortalError: timeout waiting for 
api/fasli after selecting Purahiya (पुरहिया) - 143783
HIT T3 Lucknow (लखनऊ) › Sarojini Nagar (सरोजनी नगर) › Kishunpur Kodia (किसुनपुर कौडि़या)
- 143529 : 258क | विमलेश कुमार शुक्ल | रवि भूषण शुक्ला | 0.316 हे०
HIT T3 Lucknow (लखनऊ) › Sarojini Nagar (सरोजनी नगर) › Kalli Poorab (पूरब कल्ली) -
143543 : 208अ | सुमित कुमार शुक्ला | राम किशोर शुक्ला | 0.345 हे०
HIT T2 Lucknow (लखनऊ) › Sarojini Nagar (सरोजनी नगर) › Malak (मलाक) - 143549 : 4 |
सादिक अली | साबिर अली | 0.639 हे०
HIT T1 Lucknow (लखनऊ) › Sarojini Nagar (सरोजनी नगर) › Malak (मलाक) - 143549 : 55सह
| साबिर अली | भल्लू | 0.504 हे०
HIT T1 Lucknow (लखनऊ) › Sarojini Nagar (सरोजनी नगर) › Malak (मलाक) - 143549 : 184मि
| साबिर अली | भल्लू | 1.012 हे०
HIT T3 Lucknow (लखनऊ) › Sarojini Nagar (सरोजनी नगर) › Ahmamau (अहमामऊ) - 143553 :
429 | सुशील कुमार शुक्ला | रामलखन शुक्ला | 0.269 हे०
HIT T1 Lucknow (लखनऊ) › Sarojini Nagar (सरोजनी नगर) › Bijnor (बिजनौर) - 143518 : 665
| सिराज अली | कल्लू | 0.797 हे०
HIT T1 Lucknow (लखनऊ) › Sarojini Nagar (सरोजनी नगर) › Bijnor (बिजनौर) - 143518 : 794
| सिराज अली | कल्लू | 0.025 हे०
HIT T1 Lucknow (लखनऊ) › Sarojini Nagar (सरोजनी नगर) › Bijnor (बिजनौर) - 143518 : 918
| सिराज अली | कल्लू | 0.228 हे०
HIT T1 Lucknow (लखनऊ) › Sarojini Nagar (सरोजनी नगर) › Bijnor (बिजनौर) - 143518 :
1499 | सिराज अली | कल्लू | 0.329 हे०
HIT T3 Lucknow (लखनऊ) › Sarojini Nagar (सरोजनी नगर) › Sarsawan (CT) (सरसवां) - 
143559 : 54 | सुनील कुमार शुक्ला | पुत्र श्री राधेश्याम शुक्ला | 0.425 हे०
HIT T3 Lucknow (लखनऊ) › Sarojini Nagar (सरोजनी नगर) › Sarsawan (CT) (सरसवां) - 
143559 : 56 | सुनील कुमार शुक्ला | पुत्र श्री राधेश्याम शुक्ला | 0.627 हे०
HIT T2 Lucknow (लखनऊ) › Sarojini Nagar (सरोजनी नगर) › Kasimpur Pakri (कासिमपुर पकरी) -
218871 : 135स | सादिक अली | साबिर अली | 0.076 हे०
HIT T1 Lucknow (लखनऊ) › Sarojini Nagar (सरोजनी नगर) › Kasimpur Pakri (कासिमपुर पकरी) -
218871 : 135स | साबिर अली | पुत्र भल्लू | 0.076 हे०
HIT T2 Lucknow (लखनऊ) › Sarojini Nagar (सरोजनी नगर) › Behsa (बेहसा) - 218879 : 
1213/1मि. | सादिक अली | साबिर अली | 0.042 हे०
HIT T3 Lucknow (लखनऊ) › Sarojini Nagar (सरोजनी नगर) › Mati (माती) - 143540 : 1465 |
सतीश कुमार शुक्‍ला | श्री रामसनेही शुक्‍ला | 0.12 हे०
HIT T3 Lucknow (लखनऊ) › Sarojini Nagar (सरोजनी नगर) › Aourangabad Jageer (औरंगाबाद
जागीर) - 218899 : 1394 | सुनील कुमार शुक्ला | श्री रामचन्द्र शुक्ला | 0.869 हे०
HIT T3 Lucknow (लखनऊ) › Sarojini Nagar (सरोजनी नगर) › Mati (माती) - 143540 : 552 |
विपुल कुमार शुक्ला | रमेश चन्द्र शुक्ला | 0.196 हे०
Lucknow (लखनऊ) › Purahiya (पुरहिया) - 143783: PortalError: timeout waiting for 
api/fasli after selecting Purahiya (पुरहिया) - 143783
tabs 0/8 · hits 166 · 49.0s/village ━━━━━━━━━━━━━━━━━━━━ 962/958 0:17:06 0:00:00
done: 956 villages in 17.9 min (0.89 villages/s), 166 hits, max rows in one 
search 3854, errors 6
