scanning 101 village(s), prefixes ['स', 'वि'], max tabs 8
Amroha (अमरोहा) › Osita Ahtmali (औसीता ऐहतमाली) - 118197: PortalError: timeout waiting
for api/fasli after selecting Osita Ahtmali (औसीता ऐहतमाली) - 118197
Amroha (अमरोहा) › Jagdepur Ahatmali (जगदेयपुर ऐ.) - 118196: PortalError: timeout
waiting for api/fasli after selecting Jagdepur Ahatmali (जगदेयपुर ऐ.) - 118196
Amroha (अमरोहा) › Osita Must. Ja. Ahtmali (औसीता मु.जा.ऐ.) - 118208: PortalError:
timeout waiting for api/fasli after selecting Osita Must. Ja. Ahtmali (औसीता 
मु.जा.ऐ.)
Amroha (अमरोहा) › Sateda Ahatmali (सतेड़ा ऐ.) - 118322: PortalError: timeout waiting
for api/fasli after selecting Sateda Ahatmali (सतेड़ा ऐ.) - 118322
Amroha (अमरोहा) › Jebda Ahtmali (जेवड़ा ऐ.) - 118458: PortalError: timeout waiting
for api/fasli after selecting Jebda Ahtmali (जेवड़ा ऐ.) - 118458
Amroha (अमरोहा) › Sirsa Goojar Ahatmali (सिरसा गूजर ऐ.) - 118432: PortalError: 
timeout waiting for api/fasli after selecting Sirsa Goojar Ahatmali (सिरसा गूजर ऐ.)
- 
Amroha (अमरोहा) › Phoolpur Adalpur (फूलपुर अदलपुर) - 117955: PortalError: timeout
waiting for api/fasli after selecting Phoolpur Adalpur (फूलपुर अदलपुर) - 11795
Amroha (अमरोहा) › Dhakka (ढक्का) - 117899: PortalError: timeout waiting for 
api/fasli after selecting Dhakka (ढक्का) - 117899
Amroha (अमरोहा) › Dhakka (ढक्का) - 117899: PortalError: timeout waiting for 
api/fasli after selecting Dhakka (ढक्का) - 117899
Amroha (अमरोहा) › Osita Ahtmali (औसीता ऐहतमाली) - 118197: PortalError: timeout waiting
for api/fasli after selecting Osita Ahtmali (औसीता ऐहतमाली) - 118197
Amroha (अमरोहा) › Osita Must. Ja. Ahtmali (औसीता मु.जा.ऐ.) - 118208: PortalError:
timeout waiting for api/fasli after selecting Osita Must. Ja. Ahtmali (औसीता 
मु.जा.ऐ.)
Amroha (अमरोहा) › Jagdepur Ahatmali (जगदेयपुर ऐ.) - 118196: PortalError: timeout
waiting for api/fasli after selecting Jagdepur Ahatmali (जगदेयपुर ऐ.) - 118196
Amroha (अमरोहा) › Dhakka (ढक्का) - 117899: PortalError: timeout waiting for 
api/fasli after selecting Dhakka (ढक्का) - 117899
Amroha (अमरोहा) › Jebda Ahtmali (जेवड़ा ऐ.) - 118458: PortalError: timeout waiting
for api/fasli after selecting Jebda Ahtmali (जेवड़ा ऐ.) - 118458
Amroha (अमरोहा) › Sateda Ahatmali (सतेड़ा ऐ.) - 118322: PortalError: timeout waiting
for api/fasli after selecting Sateda Ahatmali (सतेड़ा ऐ.) - 118322
Amroha (अमरोहा) › Sharfuddinpur (शर्फउद्दीनपुर) - 117881: PortalError: timeout waiting
for api/fasli after selecting Sharfuddinpur (शर्फउद्दीनपुर) - 117881
Amroha (अमरोहा) › Sirsa Goojar Ahatmali (सिरसा गूजर ऐ.) - 118432: PortalError: 
timeout waiting for api/fasli after selecting Sirsa Goojar Ahatmali (सिरसा गूजर ऐ.)
- 
Amroha (अमरोहा) › Phoolpur Adalpur (फूलपुर अदलपुर) - 117955: PortalError: timeout
waiting for api/fasli after selecting Phoolpur Adalpur (फूलपुर अदलपुर) - 11795
Amroha (अमरोहा) › Osita Ahtmali (औसीता ऐहतमाली) - 118197: PortalError: timeout waiting
for api/fasli after selecting Osita Ahtmali (औसीता ऐहतमाली) - 118197
Amroha (अमरोहा) › Osita Must. Ja. Ahtmali (औसीता मु.जा.ऐ.) - 118208: PortalError:
timeout waiting for api/fasli after selecting Osita Must. Ja. Ahtmali (औसीता 
मु.जा.ऐ.)
Amroha (अमरोहा) › Jagdepur Ahatmali (जगदेयपुर ऐ.) - 118196: PortalError: timeout
waiting for api/fasli after selecting Jagdepur Ahatmali (जगदेयपुर ऐ.) - 118196
Amroha (अमरोहा) › Jebda Ahtmali (जेवड़ा ऐ.) - 118458: PortalError: timeout waiting
for api/fasli after selecting Jebda Ahtmali (जेवड़ा ऐ.) - 118458
Amroha (अमरोहा) › Sateda Ahatmali (सतेड़ा ऐ.) - 118322: PortalError: timeout waiting
for api/fasli after selecting Sateda Ahatmali (सतेड़ा ऐ.) - 118322
Amroha (अमरोहा) › Sharfuddinpur (शर्फउद्दीनपुर) - 117881: PortalError: timeout waiting
for api/fasli after selecting Sharfuddinpur (शर्फउद्दीनपुर) - 117881
Amroha (अमरोहा) › Sirsa Goojar Ahatmali (सिरसा गूजर ऐ.) - 118432: PortalError: 
timeout waiting for api/fasli after selecting Sirsa Goojar Ahatmali (सिरसा गूजर ऐ.)
- 
Amroha (अमरोहा) › Phoolpur Adalpur (फूलपुर अदलपुर) - 117955: PortalError: timeout
waiting for api/fasli after selecting Phoolpur Adalpur (फूलपुर अदलपुर) - 11795
Amroha (अमरोहा) › Sharfuddinpur (शर्फउद्दीनपुर) - 117881: PortalError: timeout waiting
for api/fasli after selecting Sharfuddinpur (शर्फउद्दीनपुर) - 117881
tabs 0/2 · hits 0 · 61.6s/village ━━━━━━━━━━━━━━━━━━━━━━ 119/101 0:07:41 0:00:00
done: 92 villages in 11.6 min (0.13 villages/s), 0 hits, max rows in one search 
2414, errors 27
